
### jump dim=2 N=256 contrast=1.0  zero-err=1.679e+00  ncoarse=4
    K |     orcl-D orcl-diagA |   A:|rhat| (K) | B:|Minv r| (K)
   32 |  4.014e-01  4.014e-01 |  3.817e-01 ( 32) |  4.102e-01 ( 32)
   64 |  2.927e-01  2.927e-01 |  2.723e-01 ( 64) |  3.016e-01 ( 64)
   96 |  2.046e-01  2.046e-01 |  1.970e-01 ( 96) |  2.118e-01 ( 96)
  128 |  1.536e-01  1.536e-01 |  1.445e-01 (128) |  1.540e-01 (128)

### jump dim=2 N=256 contrast=100.0  zero-err=1.658e+00  ncoarse=4
    K |     orcl-D orcl-diagA |   A:|rhat| (K) | B:|Minv r| (K)
   32 |  3.641e-01  4.181e-01 |  4.361e-01 ( 32) |  4.041e-01 ( 32)
   64 |  2.831e-01  2.972e-01 |  3.224e-01 ( 64) |  2.899e-01 ( 64)
   96 |  2.206e-01  2.096e-01 |  2.270e-01 ( 96) |  2.157e-01 ( 96)
  128 |  1.734e-01  1.493e-01 |  1.665e-01 (128) |  1.726e-01 (128)

### jump dim=2 N=256 contrast=10000.0  zero-err=1.657e+00  ncoarse=4
    K |     orcl-D orcl-diagA |   A:|rhat| (K) | B:|Minv r| (K)
   32 |  4.133e-01  4.902e-01 |  4.334e-01 ( 32) |  4.454e-01 ( 32)
   64 |  3.405e-01  4.035e-01 |  3.584e-01 ( 64) |  3.452e-01 ( 64)
   96 |  2.882e-01  2.660e-01 |  2.620e-01 ( 96) |  2.846e-01 ( 96)
  128 |  2.596e-01  1.637e-01 |  1.888e-01 (128) |  2.618e-01 (128)

### checker dim=2 N=256 contrast=100.0  zero-err=1.595e+00  ncoarse=4
    K |     orcl-D orcl-diagA |   A:|rhat| (K) | B:|Minv r| (K)
   32 |  1.274e-01  1.344e-01 |  1.776e-01 ( 32) |  1.285e-01 ( 32)
   64 |  8.793e-02  8.423e-02 |  1.391e-01 ( 64) |  8.950e-02 ( 64)
   96 |  4.322e-02  4.119e-02 |  1.017e-01 ( 96) |  4.339e-02 ( 96)
  128 |  2.664e-02  2.537e-02 |  8.635e-02 (128) |  2.586e-02 (128)

### checker dim=2 N=256 contrast=10000.0  zero-err=1.593e+00  ncoarse=4
    K |     orcl-D orcl-diagA |   A:|rhat| (K) | B:|Minv r| (K)
   32 |  1.297e-01  1.794e-01 |  1.731e-01 ( 32) |  1.310e-01 ( 32)
   64 |  9.881e-02  1.371e-01 |  1.602e-01 ( 64) |  1.246e-01 ( 64)
   96 |  1.892e-02  9.759e-03 |  1.072e-01 ( 96) |  1.874e-02 ( 96)
  128 |  2.737e-03  2.699e-03 |  9.216e-02 (128) |  2.855e-03 (128)
