 theta    x_s sel | K=4          K=8          K=16         K=32         monotone?
  0.20  0.333   b | 6.216e-03    2.836e-05    5.896e-06    1.718e-09     yes
  0.20  0.250   b | 5.495e-03    1.085e-04    1.002e-05    1.700e-08     yes
  0.20  0.500   b | 7.551e-03    8.610e-05    7.926e-07    2.289e-09     yes
  0.20  0.750   b | 5.162e-03    3.544e-05    1.674e-07    5.057e-10     yes
  0.30  0.333   b | 5.265e-04    1.001e-04    1.612e-05    4.730e-08     yes
  0.30  0.250   b | 4.549e-04    1.784e-04    4.109e-06    7.271e-08     yes
  0.30  0.500   b | 4.166e-04    5.207e-04    1.646e-05    9.471e-09     NO
  0.30  0.750   b | 1.221e-04    2.514e-04    5.744e-06    7.060e-09     NO
  0.42  0.333   b | 1.051e-03    1.549e-04    5.141e-05    1.236e-07     yes
  0.42  0.250   b | 1.577e-03    1.629e-04    3.371e-05    2.637e-08     yes
  0.42  0.500   b | 9.697e-05    1.470e-05    4.229e-05    2.049e-07     NO
  0.42  0.750   b | 1.865e-03    2.833e-04    3.979e-05    2.933e-08     yes
  0.50  0.333   b | 8.333e-05    1.815e-05    1.084e-07    2.166e-13     yes
  0.50  0.250   b | 2.993e-05    3.246e-06    4.739e-08    8.244e-14     yes
  0.50  0.500   b | 3.110e-04    3.890e-05    3.636e-07    2.086e-10     yes
  0.50  0.750   b | 2.993e-05    3.246e-06    4.739e-08    8.243e-14     yes
  0.55  0.333   b | 1.722e-03    1.062e-03    1.338e-05    4.620e-08     yes
  0.55  0.250   b | 1.300e-03    9.438e-04    1.939e-05    3.066e-08     yes
  0.55  0.500   b | 4.125e-04    4.580e-05    1.716e-06    2.014e-07     yes
  0.55  0.750   b | 9.786e-04    1.141e-03    2.807e-05    7.408e-09     NO
  0.70  0.333   b | 3.293e-04    9.715e-05    5.427e-06    9.291e-09     yes
  0.70  0.250   b | 1.221e-04    2.514e-04    5.744e-06    7.060e-09     NO
  0.70  0.500   b | 4.166e-04    5.207e-04    1.646e-05    9.471e-09     NO
  0.70  0.750   b | 4.549e-04    1.784e-04    4.109e-06    7.271e-08     yes
  0.20  0.333   c | 3.136e-04    2.836e-05    5.896e-06    1.718e-09     yes
  0.20  0.250   c | 2.566e-04    5.501e-05    1.002e-05    1.700e-08     yes
  0.20  0.500   c | 1.432e-04    1.047e-05    7.926e-07    2.289e-09     yes
  0.20  0.750   c | 7.620e-05    1.804e-05    1.674e-07    5.057e-10     yes
  0.30  0.333   c | 2.435e-04    1.001e-04    1.116e-05    4.730e-08     yes
  0.30  0.250   c | 4.549e-04    1.545e-04    1.911e-05    7.271e-08     yes
  0.30  0.500   c | 4.166e-04    4.996e-05    4.755e-06    9.471e-09     yes
  0.30  0.750   c | 1.221e-04    8.148e-05    9.256e-06    7.060e-09     yes
  0.42  0.333   c | 3.880e-04    1.128e-04    1.838e-05    1.236e-07     yes
  0.42  0.250   c | 4.285e-04    8.739e-05    1.763e-06    2.637e-08     yes
  0.42  0.500   c | 9.697e-05    1.752e-04    2.894e-06    2.049e-07     NO
  0.42  0.750   c | 1.402e-04    3.301e-05    7.836e-06    2.933e-08     yes
  0.50  0.333   c | 8.333e-05    1.815e-05    1.084e-07    2.166e-13     yes
  0.50  0.250   c | 2.993e-05    3.246e-06    4.739e-08    8.244e-14     yes
  0.50  0.500   c | 3.110e-04    3.890e-05    3.636e-07    2.086e-10     yes
  0.50  0.750   c | 2.993e-05    3.246e-06    4.739e-08    8.243e-14     yes
  0.55  0.333   c | 2.294e-04    3.960e-05    5.197e-06    4.620e-08     yes
  0.55  0.250   c | 4.499e-05    5.244e-05    1.184e-05    3.066e-08     NO
  0.55  0.500   c | 4.125e-04    6.367e-05    3.129e-05    2.014e-07     yes
  0.55  0.750   c | 3.662e-04    9.499e-05    2.052e-05    7.408e-09     yes
  0.70  0.333   c | 4.624e-05    9.715e-05    4.628e-07    9.291e-09     NO
  0.70  0.250   c | 1.221e-04    8.148e-05    9.256e-06    7.060e-09     yes
  0.70  0.500   c | 4.166e-04    4.996e-05    4.755e-06    9.471e-09     yes
  0.70  0.750   c | 4.549e-04    1.545e-04    1.911e-05    7.271e-08     yes

non-monotone in 9/48 configurations
