   0/350  stiff-pair-0.5   gs/aitken/l2                 ok
   1/350  stiff-pair-0.5   gs/aitken/interface          ok
   2/350  chain-5          gs/aitken/l2                 ok
   3/350  chain-5          gs/aitken/interface          ok
   4/350  stiff-pair-0.5   gs/fixed0.5/l2               ok
   5/350  chain-5          gs/fixed0.5/l2               ok
   6/350  ring-8           gs/aitken/l2                 ok
   7/350  ring-8           gs/aitken/interface          ok
   8/350  ring-8           gs/fixed0.5/l2               ok
   9/350  stiff-pair-0.5   gs/fixed0.5/interface        ok
  10/350  chain-5          gs/fixed0.5/interface        ok
  11/350  ring-8           gs/fixed0.5/interface        ok
  12/350  star-4           gs/aitken/l2                 ok
  13/350  star-4           gs/aitken/interface          ok
  14/350  star-4           gs/fixed0.5/l2               ok
  15/350  star-4           gs/fixed0.5/interface        ok
  16/350  stiff-pair-0.5   jac/aitken/l2                ok
  17/350  chain-5          jac/aitken/l2                ok
  18/350  ring-8           jac/aitken/l2                ok
  19/350  star-4           jac/aitken/l2                ok
  20/350  mixed-modes      gs/aitken/l2                 ok
  21/350  mixed-modes      gs/aitken/interface          ok
  22/350  mixed-modes      gs/fixed0.5/l2               ok
  23/350  mixed-modes      gs/fixed0.5/interface        ok
  24/350  stiff-pair-0.5   jac/fixed0.5/l2              ok
  25/350  chain-5          jac/fixed0.5/l2              ok
  26/350  ring-8           jac/fixed0.5/l2              ok
  27/350  star-4           jac/fixed0.5/l2              ok
  28/350  slow-drift       gs/aitken/l2                 ok
  29/350  slow-drift       gs/aitken/interface          ok
  30/350  slow-drift       gs/fixed0.5/l2               ok
  31/350  slow-drift       gs/fixed0.5/interface        ok
  32/350  slow-drift       jac/aitken/l2                ok
  33/350  slow-drift       jac/fixed0.5/l2              ok
  34/350  stiff-pair-0.5   gs/fixed0.8/l2               ok
  35/350  chain-5          gs/fixed0.8/l2               ok
  36/350  ring-8           gs/fixed0.8/l2               ok
  37/350  star-4           gs/fixed0.8/l2               ok
  38/350  mixed-modes      gs/fixed0.8/l2               ok
  39/350  slow-drift       gs/fixed0.8/l2               ok
  40/350  stiff-pair-1.2   gs/aitken/l2                 ok
  41/350  stiff-pair-1.2   gs/aitken/interface          ok
  42/350  stiff-pair-1.2   gs/fixed0.5/l2               ok
  43/350  stiff-pair-1.2   gs/fixed0.5/interface        ok
  44/350  stiff-pair-1.2   jac/aitken/l2                ok
  45/350  stiff-pair-1.2   jac/fixed0.5/l2              ok
  46/350  stiff-pair-1.2   gs/fixed0.8/l2               ok
  47/350  stiff-pair-0.5   gs/fixed0.8/interface        ok
  48/350  chain-5          gs/fixed0.8/interface        ok
  49/350  ring-8           gs/fixed0.8/interface        ok
  50/350  star-4           gs/fixed0.8/interface        ok
  51/350  mixed-modes      gs/fixed0.8/interface        ok
  52/350  slow-drift       gs/fixed0.8/interface        ok
  53/350  stiff-pair-1.2   gs/fixed0.8/interface        ok
  54/350  chain-2          gs/aitken/l2                 ok
  55/350  chain-2          gs/aitken/interface          ok
  56/350  chain-2          gs/fixed0.5/l2               ok
  57/350  chain-2          gs/fixed0.5/interface        ok
  58/350  chain-2          jac/aitken/l2                ok
  59/350  chain-2          jac/fixed0.5/l2              ok
  60/350  chain-2          gs/fixed0.8/l2               ok
  61/350  chain-2          gs/fixed0.8/interface        ok
  62/350  stiff-pair-0.5   jac/fixed0.8/l2              ok
  63/350  chain-5          jac/fixed0.8/l2              ok
  64/350  ring-8           jac/fixed0.8/l2              ok
  65/350  star-4           jac/fixed0.8/l2              ok
  66/350  slow-drift       jac/fixed0.8/l2              ok
  67/350  stiff-pair-1.2   jac/fixed0.8/l2              ok
  68/350  chain-2          jac/fixed0.8/l2              ok
  69/350  star-2           gs/aitken/l2                 ok
  70/350  star-2           gs/aitken/interface          ok
  71/350  star-2           gs/fixed0.5/l2               ok
  72/350  star-2           gs/fixed0.5/interface        ok
  73/350  star-2           jac/aitken/l2                ok
  74/350  star-2           jac/fixed0.5/l2              ok
  75/350  star-2           gs/fixed0.8/l2               ok
  76/350  star-2           gs/fixed0.8/interface        ok
  77/350  star-2           jac/fixed0.8/l2              ok
  78/350  stiff-pair-0.5   jac/aitken/interface         ok
  79/350  chain-5          jac/aitken/interface         ok
  80/350  ring-8           jac/aitken/interface         ok
  81/350  star-4           jac/aitken/interface         ok
  82/350  slow-drift       jac/aitken/interface         ok
  83/350  stiff-pair-1.2   jac/aitken/interface         ok
  84/350  chain-2          jac/aitken/interface         ok
  85/350  star-2           jac/aitken/interface         ok
  86/350  ring-4           gs/aitken/l2                 ok
  87/350  ring-4           gs/aitken/interface          ok
  88/350  ring-4           gs/fixed0.5/l2               ok
  89/350  ring-4           gs/fixed0.5/interface        ok
  90/350  ring-4           jac/aitken/l2                ok
  91/350  ring-4           jac/fixed0.5/l2              ok
  92/350  ring-4           gs/fixed0.8/l2               ok
  93/350  ring-4           gs/fixed0.8/interface        ok
  94/350  ring-4           jac/fixed0.8/l2              ok
  95/350  ring-4           jac/aitken/interface         ok
  96/350  stiff-pair-0.5   jac/fixed0.5/interface       ok
  97/350  chain-5          jac/fixed0.5/interface       ok
  98/350  ring-8           jac/fixed0.5/interface       ok
  99/350  star-4           jac/fixed0.5/interface       ok
 100/350  slow-drift       jac/fixed0.5/interface       ok
 101/350  stiff-pair-1.2   jac/fixed0.5/interface       ok
 102/350  chain-2          jac/fixed0.5/interface       ok
 103/350  star-2           jac/fixed0.5/interface       ok
 104/350  ring-4           jac/fixed0.5/interface       ok
 105/350  stiff-pair-0.25  gs/aitken/l2                 ok
 106/350  stiff-pair-0.25  gs/aitken/interface          ok
 107/350  stiff-pair-0.25  gs/fixed0.5/l2               ok
 108/350  stiff-pair-0.25  gs/fixed0.5/interface        ok
 109/350  stiff-pair-0.25  jac/aitken/l2                ok
 110/350  stiff-pair-0.25  jac/fixed0.5/l2              ok
 111/350  stiff-pair-0.25  gs/fixed0.8/l2               ok
 112/350  stiff-pair-0.25  gs/fixed0.8/interface        ok
 113/350  stiff-pair-0.25  jac/fixed0.8/l2              ok
 114/350  stiff-pair-0.25  jac/aitken/interface         ok
 115/350  stiff-pair-0.25  jac/fixed0.5/interface       ok
 116/350  stiff-pair-0.5   jac/fixed0.8/interface       ok
 117/350  chain-5          jac/fixed0.8/interface       ok
 118/350  ring-8           jac/fixed0.8/interface       ok
 119/350  star-4           jac/fixed0.8/interface       ok
 120/350  slow-drift       jac/fixed0.8/interface       ok
 121/350  stiff-pair-1.2   jac/fixed0.8/interface       ok
 122/350  chain-2          jac/fixed0.8/interface       ok
 123/350  star-2           jac/fixed0.8/interface       ok
 124/350  ring-4           jac/fixed0.8/interface       ok
 125/350  stiff-pair-0.25  jac/fixed0.8/interface       ok
 126/350  stiff-pair-0.8   gs/aitken/l2                 ok
 127/350  stiff-pair-0.8   gs/aitken/interface          ok
 128/350  stiff-pair-0.8   gs/fixed0.5/l2               ok
 129/350  stiff-pair-0.8   gs/fixed0.5/interface        ok
 130/350  stiff-pair-0.8   jac/aitken/l2                ok
 131/350  stiff-pair-0.8   jac/fixed0.5/l2              ok
 132/350  stiff-pair-0.8   gs/fixed0.8/l2               ok
 133/350  stiff-pair-0.8   gs/fixed0.8/interface        ok
 134/350  stiff-pair-0.8   jac/fixed0.8/l2              ok
 135/350  stiff-pair-0.8   jac/aitken/interface         ok
 136/350  stiff-pair-0.8   jac/fixed0.5/interface       ok
 137/350  stiff-pair-0.8   jac/fixed0.8/interface       ok
 138/350  stiff-pair-0.5   gs/iqn-ils/l2                ok
 139/350  chain-5          gs/iqn-ils/l2                ok
 140/350  ring-8           gs/iqn-ils/l2                ok
 141/350  star-4           gs/iqn-ils/l2                ok
 142/350  mixed-modes      gs/iqn-ils/l2                ok
 143/350  slow-drift       gs/iqn-ils/l2                ok
 144/350  stiff-pair-1.2   gs/iqn-ils/l2                ok
 145/350  chain-2          gs/iqn-ils/l2                ok
 146/350  star-2           gs/iqn-ils/l2                ok
 147/350  ring-4           gs/iqn-ils/l2                ok
 148/350  stiff-pair-0.25  gs/iqn-ils/l2                ok
 149/350  stiff-pair-0.8   gs/iqn-ils/l2                ok
 150/350  stiff-pair-0.95  gs/aitken/l2                 ok
 151/350  stiff-pair-0.95  gs/aitken/interface          ok
 152/350  stiff-pair-0.95  gs/fixed0.5/l2               ok
 153/350  stiff-pair-0.95  gs/fixed0.5/interface        ok
 154/350  stiff-pair-0.95  jac/aitken/l2                ok
 155/350  stiff-pair-0.95  jac/fixed0.5/l2              ok
 156/350  stiff-pair-0.95  gs/fixed0.8/l2               ok
 157/350  stiff-pair-0.95  gs/fixed0.8/interface        ok
 158/350  stiff-pair-0.95  jac/fixed0.8/l2              ok
 159/350  stiff-pair-0.95  jac/aitken/interface         ok
 160/350  stiff-pair-0.95  jac/fixed0.5/interface       ok
 161/350  stiff-pair-0.95  jac/fixed0.8/interface       ok
 162/350  stiff-pair-0.95  gs/iqn-ils/l2                ok
 163/350  stiff-pair-0.5   gs/iqn-ils/interface         ok
 164/350  chain-5          gs/iqn-ils/interface         ok
 165/350  ring-8           gs/iqn-ils/interface         ok
 166/350  star-4           gs/iqn-ils/interface         ok
 167/350  mixed-modes      gs/iqn-ils/interface         ok
 168/350  slow-drift       gs/iqn-ils/interface         ok
 169/350  stiff-pair-1.2   gs/iqn-ils/interface         ok
 170/350  chain-2          gs/iqn-ils/interface         ok
 171/350  star-2           gs/iqn-ils/interface         ok
 172/350  ring-4           gs/iqn-ils/interface         ok
 173/350  stiff-pair-0.25  gs/iqn-ils/interface         ok
 174/350  stiff-pair-0.8   gs/iqn-ils/interface         ok
 175/350  stiff-pair-0.95  gs/iqn-ils/interface         ok
 176/350  chain-20         gs/aitken/l2                 ok
 177/350  chain-20         gs/aitken/interface          ok
 178/350  chain-20         gs/fixed0.5/l2               ok
 179/350  chain-20         gs/fixed0.5/interface        ok
 180/350  chain-20         jac/aitken/l2                ok
 181/350  chain-20         jac/fixed0.5/l2              ok
 182/350  chain-20         gs/fixed0.8/l2               ok
 183/350  chain-20         gs/fixed0.8/interface        ok
 184/350  chain-20         jac/fixed0.8/l2              ok
 185/350  chain-20         jac/aitken/interface         ok
 186/350  chain-20         jac/fixed0.5/interface       ok
 187/350  chain-20         jac/fixed0.8/interface       ok
 188/350  chain-20         gs/iqn-ils/l2                ok
 189/350  chain-20         gs/iqn-ils/interface         ok
 190/350  stiff-pair-0.5   jac/iqn-ils/l2               ok
 191/350  chain-5          jac/iqn-ils/l2               ok
 192/350  ring-8           jac/iqn-ils/l2               ok
 193/350  star-4           jac/iqn-ils/l2               ok
 194/350  slow-drift       jac/iqn-ils/l2               ok
 195/350  stiff-pair-1.2   jac/iqn-ils/l2               ok
 196/350  chain-2          jac/iqn-ils/l2               ok
 197/350  star-2           jac/iqn-ils/l2               ok
 198/350  ring-4           jac/iqn-ils/l2               ok
 199/350  stiff-pair-0.25  jac/iqn-ils/l2               ok
 200/350  stiff-pair-0.8   jac/iqn-ils/l2               ok
 201/350  stiff-pair-0.95  jac/iqn-ils/l2               ok
 202/350  chain-20         jac/iqn-ils/l2               ok
 203/350  star-8           gs/aitken/l2                 ok
 204/350  star-8           gs/aitken/interface          ok
 205/350  star-8           gs/fixed0.5/l2               ok
 206/350  star-8           gs/fixed0.5/interface        ok
 207/350  star-8           jac/aitken/l2                ok
 208/350  star-8           jac/fixed0.5/l2              ok
 209/350  star-8           gs/fixed0.8/l2               ok
 210/350  star-8           gs/fixed0.8/interface        ok
 211/350  star-8           jac/fixed0.8/l2              ok
 212/350  star-8           jac/aitken/interface         ok
 213/350  star-8           jac/fixed0.5/interface       ok
 214/350  star-8           jac/fixed0.8/interface       ok
 215/350  star-8           gs/iqn-ils/l2                ok
 216/350  star-8           gs/iqn-ils/interface         ok
 217/350  star-8           jac/iqn-ils/l2               ok
 218/350  stiff-pair-0.5   jac/iqn-ils/interface        ok
 219/350  chain-5          jac/iqn-ils/interface        ok
 220/350  ring-8           jac/iqn-ils/interface        ok
 221/350  star-4           jac/iqn-ils/interface        ok
 222/350  slow-drift       jac/iqn-ils/interface        ok
 223/350  stiff-pair-1.2   jac/iqn-ils/interface        ok
 224/350  chain-2          jac/iqn-ils/interface        ok
 225/350  star-2           jac/iqn-ils/interface        ok
 226/350  ring-4           jac/iqn-ils/interface        ok
 227/350  stiff-pair-0.25  jac/iqn-ils/interface        ok
 228/350  stiff-pair-0.8   jac/iqn-ils/interface        ok
 229/350  stiff-pair-0.95  jac/iqn-ils/interface        ok
 230/350  chain-20         jac/iqn-ils/interface        ok
 231/350  star-8           jac/iqn-ils/interface        ok
 232/350  ring-16          gs/aitken/l2                 ok
 233/350  ring-16          gs/aitken/interface          ok
 234/350  ring-16          gs/fixed0.5/l2               ok
 235/350  ring-16          gs/fixed0.5/interface        ok
 236/350  ring-16          jac/aitken/l2                ok
 237/350  ring-16          jac/fixed0.5/l2              ok
 238/350  ring-16          gs/fixed0.8/l2               ok
 239/350  ring-16          gs/fixed0.8/interface        ok
 240/350  ring-16          jac/fixed0.8/l2              ok
 241/350  ring-16          jac/aitken/interface         ok
 242/350  ring-16          jac/fixed0.5/interface       ok
 243/350  ring-16          jac/fixed0.8/interface       ok
 244/350  ring-16          gs/iqn-ils/l2                ok
 245/350  ring-16          gs/iqn-ils/interface         ok
 246/350  ring-16          jac/iqn-ils/l2               ok
 247/350  ring-16          jac/iqn-ils/interface        ok
 248/350  stiff-pair-0.5   gs/iqn-imvj5/l2              ok
 249/350  chain-5          gs/iqn-imvj5/l2              ok
 250/350  ring-8           gs/iqn-imvj5/l2              ok
 251/350  star-4           gs/iqn-imvj5/l2              ok
 252/350  mixed-modes      gs/iqn-imvj5/l2              ok
 253/350  slow-drift       gs/iqn-imvj5/l2              ok
 254/350  stiff-pair-1.2   gs/iqn-imvj5/l2              ok
 255/350  chain-2          gs/iqn-imvj5/l2              ok
 256/350  star-2           gs/iqn-imvj5/l2              ok
 257/350  ring-4           gs/iqn-imvj5/l2              ok
 258/350  stiff-pair-0.25  gs/iqn-imvj5/l2              ok
 259/350  stiff-pair-0.8   gs/iqn-imvj5/l2              ok
 260/350  stiff-pair-0.95  gs/iqn-imvj5/l2              ok
 261/350  chain-20         gs/iqn-imvj5/l2              ok
 262/350  star-8           gs/iqn-imvj5/l2              ok
 263/350  ring-16          gs/iqn-imvj5/l2              ok
 264/350  chain-50         gs/aitken/l2                 ok
 265/350  chain-50         gs/aitken/interface          ok
 266/350  chain-50         gs/fixed0.5/l2               ok
 267/350  chain-50         gs/fixed0.5/interface        ok
 268/350  chain-50         jac/aitken/l2                ok
 269/350  chain-50         jac/fixed0.5/l2              ok
 270/350  chain-50         gs/fixed0.8/l2               ok
 271/350  chain-50         gs/fixed0.8/interface        ok
 272/350  chain-50         jac/fixed0.8/l2              ok
 273/350  chain-50         jac/aitken/interface         ok
 274/350  chain-50         jac/fixed0.5/interface       ok
 275/350  chain-50         jac/fixed0.8/interface       ok
 276/350  chain-50         gs/iqn-ils/l2                ok
 277/350  chain-50         gs/iqn-ils/interface         ok
 278/350  chain-50         jac/iqn-ils/l2               ok
 279/350  chain-50         jac/iqn-ils/interface        ok
 280/350  chain-50         gs/iqn-imvj5/l2              ok
 281/350  stiff-pair-0.5   gs/iqn-imvj5/interface       ok
 282/350  chain-5          gs/iqn-imvj5/interface       ok
 283/350  ring-8           gs/iqn-imvj5/interface       ok
 284/350  star-4           gs/iqn-imvj5/interface       ok
 285/350  mixed-modes      gs/iqn-imvj5/interface       ok
 286/350  slow-drift       gs/iqn-imvj5/interface       ok
 287/350  stiff-pair-1.2   gs/iqn-imvj5/interface       ok
 288/350  chain-2          gs/iqn-imvj5/interface       ok
 289/350  star-2           gs/iqn-imvj5/interface       ok
 290/350  ring-4           gs/iqn-imvj5/interface       ok
 291/350  stiff-pair-0.25  gs/iqn-imvj5/interface       ok
 292/350  stiff-pair-0.8   gs/iqn-imvj5/interface       ok
 293/350  stiff-pair-0.95  gs/iqn-imvj5/interface       ok
 294/350  chain-20         gs/iqn-imvj5/interface       ok
 295/350  star-8           gs/iqn-imvj5/interface       ok
 296/350  ring-16          gs/iqn-imvj5/interface       ok
 297/350  chain-50         gs/iqn-imvj5/interface       ok
 298/350  star-16          gs/aitken/l2                 ok
 299/350  star-16          gs/aitken/interface          ok
 300/350  star-16          gs/fixed0.5/l2               ok
 301/350  star-16          gs/fixed0.5/interface        ok
 302/350  star-16          jac/aitken/l2                ok
 303/350  star-16          jac/fixed0.5/l2              ok
 304/350  star-16          gs/fixed0.8/l2               ok
 305/350  star-16          gs/fixed0.8/interface        ok
 306/350  star-16          jac/fixed0.8/l2              ok
 307/350  star-16          jac/aitken/interface         ok
 308/350  star-16          jac/fixed0.5/interface       ok
 309/350  star-16          jac/fixed0.8/interface       ok
 310/350  star-16          gs/iqn-ils/l2                ok
 311/350  star-16          gs/iqn-ils/interface         ok
 312/350  star-16          jac/iqn-ils/l2               ok
 313/350  star-16          jac/iqn-ils/interface        ok
 314/350  star-16          gs/iqn-imvj5/l2              ok
 315/350  star-16          gs/iqn-imvj5/interface       ok
 316/350  stiff-pair-0.5   jac/iqn-imvj5/l2             ok
 317/350  chain-5          jac/iqn-imvj5/l2             ok
 318/350  ring-8           jac/iqn-imvj5/l2             ok
 319/350  star-4           jac/iqn-imvj5/l2             ok
 320/350  slow-drift       jac/iqn-imvj5/l2             ok
 321/350  stiff-pair-1.2   jac/iqn-imvj5/l2             ok
 322/350  chain-2          jac/iqn-imvj5/l2             ok
 323/350  star-2           jac/iqn-imvj5/l2             ok
 324/350  ring-4           jac/iqn-imvj5/l2             ok
 325/350  stiff-pair-0.25  jac/iqn-imvj5/l2             ok
 326/350  stiff-pair-0.8   jac/iqn-imvj5/l2             ok
 327/350  stiff-pair-0.95  jac/iqn-imvj5/l2             ok
 328/350  chain-20         jac/iqn-imvj5/l2             ok
 329/350  star-8           jac/iqn-imvj5/l2             ok
 330/350  ring-16          jac/iqn-imvj5/l2             ok
 331/350  chain-50         jac/iqn-imvj5/l2             ok
 332/350  star-16          jac/iqn-imvj5/l2             ok
 333/350  stiff-pair-0.5   jac/iqn-imvj5/interface      ok
 334/350  chain-5          jac/iqn-imvj5/interface      ok
 335/350  ring-8           jac/iqn-imvj5/interface      ok
 336/350  star-4           jac/iqn-imvj5/interface      ok
 337/350  slow-drift       jac/iqn-imvj5/interface      ok
 338/350  stiff-pair-1.2   jac/iqn-imvj5/interface      ok
 339/350  chain-2          jac/iqn-imvj5/interface      ok
 340/350  star-2           jac/iqn-imvj5/interface      ok
 341/350  ring-4           jac/iqn-imvj5/interface      ok
 342/350  stiff-pair-0.25  jac/iqn-imvj5/interface      ok
 343/350  stiff-pair-0.8   jac/iqn-imvj5/interface      ok
 344/350  stiff-pair-0.95  jac/iqn-imvj5/interface      ok
 345/350  chain-20         jac/iqn-imvj5/interface      ok
 346/350  star-8           jac/iqn-imvj5/interface      ok
 347/350  ring-16          jac/iqn-imvj5/interface      ok
 348/350  chain-50         jac/iqn-imvj5/interface      ok
 349/350  star-16          jac/iqn-imvj5/interface      ok
